[INFO] Scanning for projects...
[INFO] ------------------------------------------------------------------------
[INFO] Reactor Build Order:
[INFO] 
[INFO] CampusCoffee                                                       [pom]
[INFO] domain                                                             [jar]
[INFO] data                                                               [jar]
[INFO] api                                                                [jar]
[INFO] application                                                        [jar]
[INFO] 
[INFO] --------------------< de.seuhd.campuscoffee:parent >--------------------
[INFO] Building CampusCoffee 0.0.2                                        [1/5]
[INFO]   from pom.xml
[INFO] --------------------------------[ pom ]---------------------------------
[INFO] 
[INFO] --- clean:3.4.1:clean (default-clean) @ parent ---
[INFO] 
[INFO] --- dependency:3.8.1:properties (default) @ parent ---
[INFO] 
[INFO] --------------------< de.seuhd.campuscoffee:domain >--------------------
[INFO] Building domain 0.0.2                                              [2/5]
[INFO]   from domain\pom.xml
[INFO] --------------------------------[ jar ]---------------------------------
[INFO] 
[INFO] --- clean:3.4.1:clean (default-clean) @ domain ---
[INFO] Deleting C:\Users\phlip\OneDrive\Documents\Informatik\3. Semester\ISE\▄bungen\ise25-26_assignment05\domain\target
[INFO] 
[INFO] --- dependency:3.8.1:properties (default) @ domain ---
[INFO] 
[INFO] --- resources:3.3.1:resources (default-resources) @ domain ---
[INFO] skip non existing resourceDirectory C:\Users\phlip\OneDrive\Documents\Informatik\3. Semester\ISE\▄bungen\ise25-26_assignment05\domain\src\main\resources
[INFO] skip non existing resourceDirectory C:\Users\phlip\OneDrive\Documents\Informatik\3. Semester\ISE\▄bungen\ise25-26_assignment05\domain\src\main\resources
[INFO] 
[INFO] --- compiler:3.14.1:compile (default-compile) @ domain ---
[INFO] Recompiling the module because of changed source code.
[INFO] Compiling 14 source files with javac [debug parameters release 21] to target\classes
[INFO] -------------------------------------------------------------
[ERROR] COMPILATION ERROR : 
[INFO] -------------------------------------------------------------
[ERROR] /C:/Users/phlip/OneDrive/Documents/Informatik/3. Semester/ISE/▄bungen/ise25-26_assignment05/domain/src/main/java/de/seuhd/campuscoffee/domain/impl/PosServiceImpl.java:[55,40] Inkompatible Typen: @org.jspecify.annotations.NonNull de.seuhd.campuscoffee.domain.model.Pos kann nicht in java.util.Optional<de.seuhd.campuscoffee.domain.model.Pos> konvertiert werden
[INFO] 1 error
[INFO] -------------------------------------------------------------
[INFO] ------------------------------------------------------------------------
[INFO] Reactor Summary for CampusCoffee 0.0.2:
[INFO] 
[INFO] CampusCoffee ....................................... SUCCESS [  3.801 s]
[INFO] domain ............................................. FAILURE [  8.975 s]
[INFO] data ............................................... SKIPPED
[INFO] api ................................................ SKIPPED
[INFO] application ........................................ SKIPPED
[INFO] ------------------------------------------------------------------------
[INFO] BUILD FAILURE
[INFO] ------------------------------------------------------------------------
[INFO] Total time:  13.805 s
[INFO] Finished at: 2025-11-21T11:52:11+01:00
[INFO] ------------------------------------------------------------------------
[ERROR] Failed to execute goal org.apache.maven.plugins:maven-compiler-plugin:3.14.1:compile (default-compile) on project domain: Compilation failure
[ERROR] /C:/Users/phlip/OneDrive/Documents/Informatik/3. Semester/ISE/▄bungen/ise25-26_assignment05/domain/src/main/java/de/seuhd/campuscoffee/domain/impl/PosServiceImpl.java:[55,40] Inkompatible Typen: @org.jspecify.annotations.NonNull de.seuhd.campuscoffee.domain.model.Pos kann nicht in java.util.Optional<de.seuhd.campuscoffee.domain.model.Pos> konvertiert werden
[ERROR] 
[ERROR] -> [Help 1]
[ERROR] 
[ERROR] To see the full stack trace of the errors, re-run Maven with the -e switch.
[ERROR] Re-run Maven using the -X switch to enable full debug logging.
[ERROR] 
[ERROR] For more information about the errors and possible solutions, please read the following articles:
[ERROR] [Help 1] http://cwiki.apache.org/confluence/display/MAVEN/MojoFailureException
[ERROR] 
[ERROR] After correcting the problems, you can resume the build with the command
[ERROR]   mvn <args> -rf :domain
mise : mise ERROR 
command failed: exit 
code 1
In Zeile:1 Zeichen:1
+ mise exec -- mvn 
clean test > 
test_output.txt 2>&1
+ ~~~~~~~~~~~~~~~~~~~~
~~~~~~~~~~~~~~~~~~~~~~
~~~~~~~~
    + CategoryInfo    
          : NotSpeci  
  fied: (mise ERROR   
  command failed:     
exit code 1:Strin    
g) [], RemoteExce    
ption
    + FullyQualifiedE 
   rrorId : NativeCo  
  mmandError
 
mise ERROR Run with 
--verbose or 
MISE_VERBOSE=1 for 
more information
